[www.designesia.com/themes/archi-main/index-onepage-light.html]
[backblue.gif]
[fade.gif]
[index.html]
[www.designesia.com/themes/archi-main/images/logo-dark.png]
[www.designesia.com/themes/archi-main/images/misc/pic_16.jpg]
[www.designesia.com/themes/archi-main/images/misc/pic_17.jpg]
[www.designesia.com/themes/archi-main/images/misc/pic_18.jpg]
[www.designesia.com/themes/archi-main/images/team-2/team_pic_1.jpg]
[www.designesia.com/themes/archi-main/images/team-2/team_pic_2.jpg]
[www.designesia.com/themes/archi-main/images/team-2/team_pic_3.jpg]
[www.designesia.com/themes/archi-main/images/team-2/team_pic_4.jpg]
[www.designesia.com/themes/archi-main/project-details-1.html]
[www.designesia.com/themes/archi-main/images/portfolio/pf (1).jpg]
[www.designesia.com/themes/archi-main/project-details-2.html]
[www.designesia.com/themes/archi-main/images/portfolio/pf (2).jpg]
[www.designesia.com/themes/archi-main/project-details-3.html]
[www.designesia.com/themes/archi-main/images/portfolio/pf (3).jpg]
[www.designesia.com/themes/archi-main/project-details-youtube.html]
[www.designesia.com/themes/archi-main/images/portfolio/pf (4).jpg]
[www.designesia.com/themes/archi-main/project-details-vimeo.html]
[www.designesia.com/themes/archi-main/images/portfolio/pf (5).jpg]
[www.designesia.com/themes/archi-main/project-details.html]
[www.designesia.com/themes/archi-main/images/portfolio/pf (6).jpg]
[www.designesia.com/themes/archi-main/images/portfolio/pf (7).jpg]
[www.designesia.com/themes/archi-main/images/portfolio/pf (8).jpg]
[www.designesia.com/themes/archi-main/project-wide-4-cols.html]
[www.designesia.com/themes/archi-main/images/blog/pic-blog-1.jpg]
[www.designesia.com/themes/archi-main/images/blog/pic-blog-2.jpg]
[www.designesia.com/themes/archi-main/images/blog/pic-blog-3.jpg]
[www.designesia.com/themes/archi-main/images/blog/pic-blog-4.jpg]
[www.designesia.com/themes/archi-main/blog-single.html]
[www.designesia.com/themes/archi-main/js/jquery.min.js]
[www.designesia.com/themes/archi-main/js/jpreLoader.js]
[www.designesia.com/themes/archi-main/js/bootstrap.min.js]
[www.designesia.com/themes/archi-main/js/jquery.isotope.min.js]
[www.designesia.com/themes/archi-main/js/easing.js]
[www.designesia.com/themes/archi-main/js/jquery.flexslider-min.js]
[www.designesia.com/themes/archi-main/js/jquery.scrollto.js]
[www.designesia.com/themes/archi-main/js/owl.carousel.js]
[www.designesia.com/themes/archi-main/js/jquery.countTo.js]
[www.designesia.com/themes/archi-main/js/classie.js]
[www.designesia.com/themes/archi-main/js/video.resize.js]
[www.designesia.com/themes/archi-main/js/validation.js]
[www.designesia.com/themes/archi-main/js/map.js]
[www.designesia.com/themes/archi-main/js/wow.min.js]
[www.designesia.com/themes/archi-main/js/jquery.magnific-popup.min.js]
[www.designesia.com/themes/archi-main/js/jquery.stellar.min.js]
[www.designesia.com/themes/archi-main/js/enquire.min.js]
[www.designesia.com/themes/archi-main/js/designesia.js]
[www.designesia.com/themes/archi-main/demo/demo.js]
[www.designesia.com/themes/archi-main/rs-plugin/js/jquery.themepunch.plugins.min.js]
[www.designesia.com/themes/archi-main/rs-plugin/js/jquery.themepunch.revolution.min.js]
[www.designesia.com/themes/archi-main/index-onepage-light.html]
[www.designesia.com/themes/archi-main/css/bootstrap.css]
[www.designesia.com/themes/archi-main/css/jpreloader.css]
[www.designesia.com/themes/archi-main/css/animate.css]
[www.designesia.com/themes/archi-main/css/plugin.css]
[www.designesia.com/themes/archi-main/css/owl.carousel.css]
[www.designesia.com/themes/archi-main/css/owl.theme.css]
[www.designesia.com/themes/archi-main/css/owl.transitions.css]
[www.designesia.com/themes/archi-main/css/magnific-popup.css]
[www.designesia.com/themes/archi-main/images/dot-70.png]
[www.designesia.com/themes/archi-main/images/dotted.png]
[www.designesia.com/themes/archi-main/demo/arrow-down.png]
[www.designesia.com/themes/archi-main/images/ui/arrow-down.png]
[www.designesia.com/themes/archi-main/images/ui/arrow-down-invert.png]
[www.designesia.com/themes/archi-main/images/ui/arrow-up.png]
[www.designesia.com/themes/archi-main/images/ui/arrow-up-invert.png]
[www.designesia.com/themes/archi-main/css/style.css]
[www.designesia.com/themes/archi-main/images/background/subheader.jpg]
[www.designesia.com/themes/archi-main/images/background/subheader-1.jpg]
[www.designesia.com/themes/archi-main/images/background/subheader-1b.jpg]
[www.designesia.com/themes/archi-main/images/background/subheader-2.jpg]
[www.designesia.com/themes/archi-main/images/background/subheader-3.jpg]
[www.designesia.com/themes/archi-main/images/background/subheader-4.jpg]
[www.designesia.com/themes/archi-main/images/background/subheader-5.jpg]
[www.designesia.com/themes/archi-main/images/background/subheader-6.jpg]
[www.designesia.com/themes/archi-main/images/background/bg-3.jpg]
[www.designesia.com/themes/archi-main/images/background/bg-side-1.jpg]
[www.designesia.com/themes/archi-main/images/background/bg-side-2.jpg]
[www.designesia.com/themes/archi-main/images/background/bg-side-3.jpg]
[www.designesia.com/themes/archi-main/images/background/bg-14.jpg]
[www.designesia.com/themes/archi-main/images/background/bg-5.jpg]
[www.designesia.com/themes/archi-main/images/background/bg-9.jpg]
[www.designesia.com/themes/archi-main/images/background/bg-6.jpg]
[www.designesia.com/themes/archi-main/images/background/bg-4.jpg]
[www.designesia.com/themes/archi-main/images/background/bg-7.jpg]
[www.designesia.com/themes/archi-main/images/background/bg-10.jpg]
[www.designesia.com/themes/archi-main/images/background/bg-15.jpg]
[www.designesia.com/themes/archi-main/images/background/bg-19.jpg]
[www.designesia.com/themes/archi-main/images/background/bg-20.jpg]
[www.designesia.com/themes/archi-main/images/background/bg-21.jpg]
[www.designesia.com/themes/archi-main/images/background/bg-23.jpg]
[www.designesia.com/themes/archi-main/images/background/bg-25.jpg]
[www.designesia.com/themes/archi-main/images/background/bg-26.jpg]
[www.designesia.com/themes/archi-main/images/background/bg-29.jpg]
[www.designesia.com/themes/archi-main/images/background/bg-30.jpg]
[www.designesia.com/themes/archi-main/images/background/bg-8.jpg]
[www.designesia.com/themes/archi-main/images/background/bg-16.jpg]
[www.designesia.com/themes/archi-main/images/background/bg-17.jpg]
[www.designesia.com/themes/archi-main/images/background/bg-2.jpg]
[www.designesia.com/themes/archi-main/images/background/bg-12.jpg]
[www.designesia.com/themes/archi-main/images/background/bg-32.jpg]
[www.designesia.com/themes/archi-main/images/background/bg-side-4.jpg]
[www.designesia.com/themes/archi-main/images/background/bg-13.jpg]
[www.designesia.com/themes/archi-main/images/background/bg-18.jpg]
[www.designesia.com/themes/archi-main/images/background/bg-side-5.jpg]
[www.designesia.com/themes/archi-main/images/background/bg-side-6.jpg]
[www.designesia.com/themes/archi-main/images/background/bg-22.jpg]
[www.designesia.com/themes/archi-main/images/background/bg-24.jpg]
[www.designesia.com/themes/archi-main/images/background/bg-27.jpg]
[www.designesia.com/themes/archi-main/images/background/bg-side-10.jpg]
[www.designesia.com/themes/archi-main/images/background/bg-28.jpg]
[www.designesia.com/themes/archi-main/images/background/bg-31.jpg]
[www.designesia.com/themes/archi-main/images/background/pattern-1.jpg]
[www.designesia.com/themes/archi-main/images/background/bg-side-8.jpg]
[www.designesia.com/themes/archi-main/images/background/bg-side-7.jpg]
[www.designesia.com/themes/archi-main/images/background/bg-side-9.jpg]
[www.designesia.com/themes/archi-main/images/background/bg-service-1.jpg]
[www.designesia.com/themes/archi-main/images/background/bg-service-2.jpg]
[www.designesia.com/themes/archi-main/images/background/bg-service-3.jpg]
[www.designesia.com/themes/archi-main/images/background/bg-service-4.jpg]
[www.designesia.com/themes/archi-main/images/background/bg-subheader-sn.jpg]
[www.designesia.com/themes/archi-main/images/background/subheader-1-sn.jpg]
[www.designesia.com/themes/archi-main/images/background/subheader-2-sn.jpg]
[www.designesia.com/themes/archi-main/images/background/subheader-3-sn.jpg]
[www.designesia.com/themes/archi-main/images/background/subheader-4-sn.jpg]
[www.designesia.com/themes/archi-main/images/background/subheader-5-sn.jpg]
[www.designesia.com/themes/archi-main/images/background/subheader-6-sn.jpg]
[www.designesia.com/themes/archi-main/css/bg.css]
[www.designesia.com/themes/archi-main/css/color.css]
[www.designesia.com/themes/archi-main/fonts/font-awesome/fonts/fontawesome-webfont862f.eot]
[www.designesia.com/themes/archi-main/fonts/font-awesome/fonts/fontawesome-webfontd41d.eot]
[www.designesia.com/themes/archi-main/fonts/font-awesome/fonts/fontawesome-webfont862f.woff]
[www.designesia.com/themes/archi-main/fonts/font-awesome/fonts/fontawesome-webfont862f.ttf]
[www.designesia.com/themes/archi-main/fonts/font-awesome/css/font-awesome.css]
[www.designesia.com/themes/archi-main/fonts/elegant_font/HTML_CSS/fonts/ElegantIcons.eot]
[www.designesia.com/themes/archi-main/fonts/elegant_font/HTML_CSS/fonts/ElegantIconsd41d.eot]
[www.designesia.com/themes/archi-main/fonts/elegant_font/HTML_CSS/fonts/ElegantIcons.woff]
[www.designesia.com/themes/archi-main/fonts/elegant_font/HTML_CSS/fonts/ElegantIcons.ttf]
[www.designesia.com/themes/archi-main/fonts/elegant_font/HTML_CSS/style.css]
[www.designesia.com/themes/archi-main/fonts/et-line-font/fonts/et-line.eot]
[www.designesia.com/themes/archi-main/fonts/et-line-font/fonts/et-lined41d.eot]
[www.designesia.com/themes/archi-main/fonts/et-line-font/fonts/et-line.woff]
[www.designesia.com/themes/archi-main/fonts/et-line-font/fonts/et-line.ttf]
[www.designesia.com/themes/archi-main/fonts/et-line-font/style.css]
[www.designesia.com/themes/archi-main/rs-plugin/images/gradient/g30.png]
[www.designesia.com/themes/archi-main/rs-plugin/images/gradient/g40.png]
[www.designesia.com/themes/archi-main/rs-plugin/assets/shadow1.png]
[www.designesia.com/themes/archi-main/rs-plugin/assets/shadow2.png]
[www.designesia.com/themes/archi-main/rs-plugin/assets/shadow3.png]
[www.designesia.com/themes/archi-main/rs-plugin/assets/gridtile.png]
[www.designesia.com/themes/archi-main/rs-plugin/assets/gridtile_white.png]
[www.designesia.com/themes/archi-main/rs-plugin/assets/gridtile_3x3.png]
[www.designesia.com/themes/archi-main/rs-plugin/assets/gridtile_3x3_white.png]
[www.designesia.com/themes/archi-main/rs-plugin/assets/boxed_bgtile.png]
[www.designesia.com/themes/archi-main/rs-plugin/assets/navigdots_bgtile.png]
[www.designesia.com/themes/archi-main/rs-plugin/assets/bullet.png]
[www.designesia.com/themes/archi-main/rs-plugin/assets/bullets.png]
[www.designesia.com/themes/archi-main/rs-plugin/assets/bullets2.png]
[www.designesia.com/themes/archi-main/rs-plugin/assets/bullet_boxed.png]
[www.designesia.com/themes/archi-main/rs-plugin/assets/navigdots.png]
[www.designesia.com/themes/archi-main/rs-plugin/assets/large_left.png]
[www.designesia.com/themes/archi-main/rs-plugin/assets/large_right.png]
[www.designesia.com/themes/archi-main/rs-plugin/assets/small_left.png]
[www.designesia.com/themes/archi-main/rs-plugin/assets/small_right.png]
[www.designesia.com/themes/archi-main/rs-plugin/assets/arrow_left.png]
[www.designesia.com/themes/archi-main/rs-plugin/assets/arrow_right.png]
[www.designesia.com/themes/archi-main/rs-plugin/assets/small_left_boxed.png]
[www.designesia.com/themes/archi-main/rs-plugin/assets/small_right_boxed.png]
[www.designesia.com/themes/archi-main/rs-plugin/assets/arrowleft.png]
[www.designesia.com/themes/archi-main/rs-plugin/assets/arrowright.png]
[www.designesia.com/themes/archi-main/rs-plugin/assets/arrow_left2.png]
[www.designesia.com/themes/archi-main/rs-plugin/assets/arrow_right2.png]
[www.designesia.com/themes/archi-main/rs-plugin/assets/timer.png]
[www.designesia.com/themes/archi-main/rs-plugin/assets/coloredbg.png]
[www.designesia.com/themes/archi-main/rs-plugin/assets/loader.gif]
[www.designesia.com/themes/archi-main/rs-plugin/font/revicons90c6.eot]
[www.designesia.com/themes/archi-main/rs-plugin/font/revicons90c6.woff]
[www.designesia.com/themes/archi-main/rs-plugin/font/revicons90c6.ttf]
[www.designesia.com/themes/archi-main/rs-plugin/css/settings.css]
[www.designesia.com/themes/archi-main/css/rev-settings.css]
[www.designesia.com/themes/archi-main/images/portfolio/view/p1_a.jpg]
[www.designesia.com/themes/archi-main/images/portfolio/view/p1_b.jpg]
[www.designesia.com/themes/archi-main/images/portfolio/view/p1_c.jpg]
[www.designesia.com/themes/archi-main/project-details-1.html]
[www.designesia.com/themes/archi-main/images/portfolio/view/p2_a.jpg]
[www.designesia.com/themes/archi-main/images/portfolio/view/p2_b.jpg]
[www.designesia.com/themes/archi-main/project-details-2.html]
[www.designesia.com/themes/archi-main/images/portfolio/view/p3_a.jpg]
[www.designesia.com/themes/archi-main/images/portfolio/view/p3_b.jpg]
[www.designesia.com/themes/archi-main/project-details-3.html]
[www.designesia.com/themes/archi-main/project-details-youtube.html]
[www.designesia.com/themes/archi-main/project-details-vimeo.html]
[www.designesia.com/themes/archi-main/project-details.html]
[www.designesia.com/themes/archi-main/index.html]
[www.designesia.com/themes/archi-main/images/logo.png]
[www.designesia.com/themes/archi-main/index-studio.html]
[www.designesia.com/themes/archi-main/index-modern.html]
[www.designesia.com/themes/archi-main/index-coworking.html]
[www.designesia.com/themes/archi-main/index-landing-product.html]
[www.designesia.com/themes/archi-main/index-before-after.html]
[www.designesia.com/themes/archi-main/index-arts.html]
[www.designesia.com/themes/archi-main/01_index-minisite.html]
[www.designesia.com/themes/archi-main/index-corporate.html]
[www.designesia.com/themes/archi-main/index-light.html]
[www.designesia.com/themes/archi-main/index-header-bottom.html]
[www.designesia.com/themes/archi-main/index-header-bottom-light.html]
[www.designesia.com/themes/archi-main/index-sidebar.html]
[www.designesia.com/themes/archi-main/index-elegant.html]
[www.designesia.com/themes/archi-main/sidebar-light-index.html]
[www.designesia.com/themes/archi-main/index-landing-page.html]
[www.designesia.com/themes/archi-main/index-landing-page-light.html]
[www.designesia.com/themes/archi-main/index-minimal.html]
[www.designesia.com/themes/archi-main/index-onepage.html]
[www.designesia.com/themes/archi-main/index-masonry-med-4-cols.html]
[www.designesia.com/themes/archi-main/index-masonry-light-med-4-cols.html]
[www.designesia.com/themes/archi-main/index-profession-light.html]
[www.designesia.com/themes/archi-main/index-profession.html]
[www.designesia.com/themes/archi-main/index-portfolio-minimal.html]
[www.designesia.com/themes/archi-main/index-snowy.html]
[www.designesia.com/themes/archi-main/index-coming-soon.html]
[www.designesia.com/themes/archi-main/index-rtl.html]
[www.designesia.com/themes/archi-main/index-hero-slider.html]
[www.designesia.com/themes/archi-main/index-hero-particle.html]
[www.designesia.com/themes/archi-main/index-hero-parallax.html]
[www.designesia.com/themes/archi-main/index-hero-video.html]
[www.designesia.com/themes/archi-main/index-hero-youtube.html]
[www.designesia.com/themes/archi-main/index-hero-looping-image.html]
[www.designesia.com/themes/archi-main/project-wide-2-cols.html]
[www.designesia.com/themes/archi-main/project-wide-3-cols.html]
[www.designesia.com/themes/archi-main/project-contained-3-cols.html]
[www.designesia.com/themes/archi-main/project-contained-2-cols.html]
[www.designesia.com/themes/archi-main/project-contained-4-cols.html]
[www.designesia.com/themes/archi-main/project-carousel-3-cols.html]
[www.designesia.com/themes/archi-main/project-carousel-2-cols.html]
[www.designesia.com/themes/archi-main/project-carousel-4-cols.html]
[www.designesia.com/themes/archi-main/project-inverted-3-cols.html]
[www.designesia.com/themes/archi-main/project-inverted-2-cols.html]
[www.designesia.com/themes/archi-main/project-inverted-4-cols.html]
[www.designesia.com/themes/archi-main/project-masonry-4-cols.html]
[www.designesia.com/themes/archi-main/project-masonry-3-cols.html]
[www.designesia.com/themes/archi-main/gallery-2-cols.html]
[www.designesia.com/themes/archi-main/gallery-3-cols.html]
[www.designesia.com/themes/archi-main/gallery-4-cols.html]
[www.designesia.com/themes/archi-main/project-before-after.html]
[www.designesia.com/themes/archi-main/services.html]
[www.designesia.com/themes/archi-main/service-1.html]
[www.designesia.com/themes/archi-main/service-2.html]
[www.designesia.com/themes/archi-main/service-3.html]
[www.designesia.com/themes/archi-main/service-4.html]
[www.designesia.com/themes/archi-main/services-style-2.html]
[www.designesia.com/themes/archi-main/pricing-table-4-cols.html]
[www.designesia.com/themes/archi-main/pricing-table-3-cols.html]
[www.designesia.com/themes/archi-main/faq.html]
[www.designesia.com/themes/archi-main/about.html]
[www.designesia.com/themes/archi-main/about-rtl.html]
[www.designesia.com/themes/archi-main/pricing-table-3-cols-light.html]
[www.designesia.com/themes/archi-main/pricing-table-4-cols-light.html]
[www.designesia.com/themes/archi-main/faq-light.html]
[www.designesia.com/themes/archi-main/about-light.html]
[www.designesia.com/themes/archi-main/header-custom-style-2.html]
[www.designesia.com/themes/archi-main/header-custom-style-1.html]
[www.designesia.com/themes/archi-main/header-custom-style-3.html]
[www.designesia.com/themes/archi-main/header-custom-style-1-light.html]
[www.designesia.com/themes/archi-main/header-custom-style-2-light.html]
[www.designesia.com/themes/archi-main/header-custom-style-3-light.html]
[www.designesia.com/themes/archi-main/before-after.html]
[www.designesia.com/themes/archi-main/buttons.html]
[www.designesia.com/themes/archi-main/carousel.html]
[www.designesia.com/themes/archi-main/counters.html]
[www.designesia.com/themes/archi-main/experiences.html]
[www.designesia.com/themes/archi-main/form-style.html]
[www.designesia.com/themes/archi-main/icon-box.html]
[www.designesia.com/themes/archi-main/skill-bar.html]
[www.designesia.com/themes/archi-main/steps.html]
[www.designesia.com/themes/archi-main/team.html]
[www.designesia.com/themes/archi-main/blog.html]
[www.designesia.com/themes/archi-main/blog-light.html]
[www.designesia.com/themes/archi-main/blog-left-sidebar.html]
[www.designesia.com/themes/archi-main/blog-left-sidebar-light.html]
[www.designesia.com/themes/archi-main/blog-single-light.html]
[www.designesia.com/themes/archi-main/shop.html]
[www.designesia.com/themes/archi-main/shop-light.html]
[www.designesia.com/themes/archi-main/contact.html]
[www.designesia.com/themes/archi-main/images/portfolio/pf (9).jpg]
[www.designesia.com/themes/archi-main/images/portfolio/pf (10).jpg]
[www.designesia.com/themes/archi-main/images/portfolio/pf (11).jpg]
[www.designesia.com/themes/archi-main/images/portfolio/pf (12).jpg]
[www.designesia.com/themes/archi-main/project-wide-4-cols.html]
[www.designesia.com/themes/archi-main/images/avatar.jpg]
[www.designesia.com/themes/archi-main/blog-single.html]
[www.designesia.com/themes/archi-main/images/ui.totop.html]
[www.designesia.com/themes/archi-main/css/owl.video.play.html]
[www.designesia.com/themes/archi-main/images/icon-slide-plus.html]
[www.designesia.com/themes/archi-main/images/icon-slide-min.html]
[www.designesia.com/themes/archi-main/images/close.html]
[www.designesia.com/themes/archi-main/images/close-2.html]
[www.designesia.com/themes/archi-main/images/icon-url.html]
[www.designesia.com/themes/archi-main/images/icon-zoom.html]
[www.designesia.com/themes/archi-main/images/list-arrow.html]
[www.designesia.com/themes/archi-main/images/page-loader.html]
[www.designesia.com/themes/archi-main/css/colors/yellow.css]
[www.designesia.com/themes/archi-main/fonts/font-awesome/fonts/fontawesome-webfont862f.svg]
[www.designesia.com/themes/archi-main/fonts/elegant_font/HTML_CSS/fonts/ElegantIcons.svg]
[www.designesia.com/themes/archi-main/fonts/et-line-font/fonts/et-line.svg]
[www.designesia.com/themes/archi-main/rs-plugin/font/revicons90c6.svg]
[www.designesia.com/themes/archi-main/images/slider/wide1.jpg]
[www.designesia.com/themes/archi-main/images/slider/wide2.jpg]
[www.designesia.com/themes/archi-main/images/slider/wide3.jpg]
[www.designesia.com/themes/archi-main/images/misc/pic_1.jpg]
[www.designesia.com/themes/archi-main/images/misc/pic_2.jpg]
[www.designesia.com/themes/archi-main/images/misc/pic_3.jpg]
[www.designesia.com/themes/archi-main/index.html]
[www.designesia.com/themes/archi-main/images/misc/pic_15.jpg]
[www.designesia.com/themes/archi-main/images/portfolio-minimal/pf (1).jpg]
[www.designesia.com/themes/archi-main/images/portfolio-minimal/pf (2).jpg]
[www.designesia.com/themes/archi-main/images/portfolio-minimal/pf (3).jpg]
[www.designesia.com/themes/archi-main/images/portfolio-minimal/pf (4).jpg]
[www.designesia.com/themes/archi-main/images/portfolio-minimal/pf (5).jpg]
[www.designesia.com/themes/archi-main/images/portfolio-minimal/pf (6).jpg]
[www.designesia.com/themes/archi-main/images/portfolio-minimal/pf (8).jpg]
[www.designesia.com/themes/archi-main/images/portfolio-minimal/pf (7).jpg]
[www.designesia.com/themes/archi-main/js/typed.js]
[www.designesia.com/themes/archi-main/index-modern.html]
[www.designesia.com/themes/archi-main/images/slider/wide8.jpg]
[www.designesia.com/themes/archi-main/images/slider/wide9.jpg]
[www.designesia.com/themes/archi-main/images/misc/pic_9.jpg]
[www.designesia.com/themes/archi-main/images/misc/pic_10.jpg]
[www.designesia.com/themes/archi-main/images/misc/pic_11.jpg]
[www.designesia.com/themes/archi-main/images/before-after/3b.jpg]
[www.designesia.com/themes/archi-main/images/before-after/3a.jpg]
[www.designesia.com/themes/archi-main/images/before-after/1b.jpg]
[www.designesia.com/themes/archi-main/images/before-after/1a.jpg]
[www.designesia.com/themes/archi-main/images/before-after/2b.jpg]
[www.designesia.com/themes/archi-main/images/before-after/2a.jpg]
[www.designesia.com/themes/archi-main/images/portfolio-new/pf (1).jpg]
[www.designesia.com/themes/archi-main/images/portfolio-new/pf (2).jpg]
[www.designesia.com/themes/archi-main/images/portfolio-new/pf (3).jpg]
[www.designesia.com/themes/archi-main/images/portfolio-new/pf (4).jpg]
[www.designesia.com/themes/archi-main/images/portfolio-new/pf (5).jpg]
[www.designesia.com/themes/archi-main/images/portfolio-new/pf (6).jpg]
[www.designesia.com/themes/archi-main/images/portfolio-new/pf (8).jpg]
[www.designesia.com/themes/archi-main/images/portfolio-new/pf (7).jpg]
[www.designesia.com/themes/archi-main/js/jquery.event.move.js]
[www.designesia.com/themes/archi-main/js/jquery.twentytwenty.js]
[www.designesia.com/themes/archi-main/index-studio.html]
[www.designesia.com/themes/archi-main/images/slider/wide7.jpg]
[www.designesia.com/themes/archi-main/images/slider/wide12.jpg]
[www.designesia.com/themes/archi-main/images/misc/pic_12.jpg]
[www.designesia.com/themes/archi-main/images/misc/cwr_1.jpg]
[www.designesia.com/themes/archi-main/images/misc/cwr_2.jpg]
[www.designesia.com/themes/archi-main/images/misc/cwr_3.jpg]
[www.designesia.com/themes/archi-main/images/misc/cwr_4.jpg]
[www.designesia.com/themes/archi-main/images/portfolio-coworking/pf (1).jpg]
[www.designesia.com/themes/archi-main/images/portfolio-coworking/pf (2).jpg]
[www.designesia.com/themes/archi-main/images/portfolio-coworking/pf (3).jpg]
[www.designesia.com/themes/archi-main/images/portfolio-coworking/pf (4).jpg]
[www.designesia.com/themes/archi-main/images/portfolio-coworking/pf (5).jpg]
[www.designesia.com/themes/archi-main/images/portfolio-coworking/pf (6).jpg]
[www.designesia.com/themes/archi-main/images/logo-2/1.png]
[www.designesia.com/themes/archi-main/images/logo-2/2.png]
[www.designesia.com/themes/archi-main/images/logo-2/3.png]
[www.designesia.com/themes/archi-main/images/logo-2/4.png]
[www.designesia.com/themes/archi-main/images/logo-2/5.png]
[www.designesia.com/themes/archi-main/images/logo-2/6.png]
[www.designesia.com/themes/archi-main/images/logo-2/7.png]
[www.designesia.com/themes/archi-main/images/logo-2/8.png]
[www.designesia.com/themes/archi-main/index-coworking.html]
[www.designesia.com/themes/archi-main/images/logo-border-dark.png]
[www.designesia.com/themes/archi-main/images/misc/pic_6.jpg]
[www.designesia.com/themes/archi-main/images/portfolio-landing-product/pf (1).jpg]
[www.designesia.com/themes/archi-main/images/portfolio-landing-product/pf (2).jpg]
[www.designesia.com/themes/archi-main/images/portfolio-landing-product/pf (3).jpg]
[www.designesia.com/themes/archi-main/images/portfolio-landing-product/pf (4).jpg]
[www.designesia.com/themes/archi-main/images/misc/pic_7.jpg]
[www.designesia.com/themes/archi-main/index-landing-product.html]
[www.designesia.com/themes/archi-main/index-before-after.html]
[www.designesia.com/themes/archi-main/images/misc/pic_13.jpg]
[www.designesia.com/themes/archi-main/images/portfolio-multipurpose/pf (1).jpg]
[www.designesia.com/themes/archi-main/images/portfolio-multipurpose/pf (2).jpg]
[www.designesia.com/themes/archi-main/images/portfolio-multipurpose/pf (3).jpg]
[www.designesia.com/themes/archi-main/images/portfolio-multipurpose/pf (4).jpg]
[www.designesia.com/themes/archi-main/images/portfolio-multipurpose/pf (5).jpg]
[www.designesia.com/themes/archi-main/images/portfolio-multipurpose/pf (6).jpg]
[www.designesia.com/themes/archi-main/images/portfolio-multipurpose/pf (8).jpg]
[www.designesia.com/themes/archi-main/images/portfolio-multipurpose/pf (7).jpg]
[www.designesia.com/themes/archi-main/images/misc/pic_14.jpg]
[www.designesia.com/themes/archi-main/index-arts.html]
[www.designesia.com/themes/archi-main/index-corporate.html]
[www.designesia.com/themes/archi-main/01_about-minisite.html]
[www.designesia.com/themes/archi-main/01_services-minisite.html]
[www.designesia.com/themes/archi-main/01_projects-minisite.html]
[www.designesia.com/themes/archi-main/01_index-minisite.html]
[www.designesia.com/themes/archi-main/index-light.html]
[www.designesia.com/themes/archi-main/01_contact-minisite.html]
[www.designesia.com/themes/archi-main/images/misc/deco_3.png]
[www.designesia.com/themes/archi-main/index-elegant.html]
[www.designesia.com/themes/archi-main/index-header-bottom.html]
[www.designesia.com/themes/archi-main/index-header-bottom-light.html]
[www.designesia.com/themes/archi-main/images/logo-2.png]
[www.designesia.com/themes/archi-main/images/logo-border.png]
[www.designesia.com/themes/archi-main/sidebar-services.html]
[www.designesia.com/themes/archi-main/sidebar-projects.html]
[www.designesia.com/themes/archi-main/sidebar-about.html]
[www.designesia.com/themes/archi-main/sidebar-blog.html]
[www.designesia.com/themes/archi-main/sidebar-contact.html]
[www.designesia.com/themes/archi-main/index-sidebar.html]
[www.designesia.com/themes/archi-main/images/logo-2-square.png]
[www.designesia.com/themes/archi-main/sidebar-light-services.html]
[www.designesia.com/themes/archi-main/sidebar-light-projects.html]
[www.designesia.com/themes/archi-main/sidebar-light-about.html]
[www.designesia.com/themes/archi-main/sidebar-light-blog.html]
[www.designesia.com/themes/archi-main/sidebar-light-contact.html]
[www.designesia.com/themes/archi-main/sidebar-light-index.html]
[www.designesia.com/themes/archi-main/images/misc/deco_1.png]
[www.designesia.com/themes/archi-main/images/misc/hand-with-phone.png]
[www.designesia.com/themes/archi-main/images/misc/deco_2.png]
[www.designesia.com/themes/archi-main/index-landing-page.html]
[www.designesia.com/themes/archi-main/index-landing-page-light.html]
[www.designesia.com/themes/archi-main/index-minimal.html]
[www.designesia.com/themes/archi-main/images/team/team_pic_1.jpg]
[www.designesia.com/themes/archi-main/images/team/team_pic_2.jpg]
[www.designesia.com/themes/archi-main/images/team/team_pic_3.jpg]
[www.designesia.com/themes/archi-main/images/team/team_pic_4.jpg]
[www.designesia.com/themes/archi-main/index-onepage.html]
[www.designesia.com/themes/archi-main/index-masonry-med-4-cols.html]
[www.designesia.com/themes/archi-main/index-masonry-light-med-4-cols.html]
[www.designesia.com/themes/archi-main/images/profession/profile-pic.jpg]
[www.designesia.com/themes/archi-main/images/profession/profile-pic-2.jpg]
[www.designesia.com/themes/archi-main/images/profession/profile-pic-3.jpg]
[www.designesia.com/themes/archi-main/index-profession.html]
[www.designesia.com/themes/archi-main/index-profession-light.html]
[www.designesia.com/themes/archi-main/images/misc/deco_4.png]
[www.designesia.com/themes/archi-main/index-portfolio-minimal.html]
[www.designesia.com/themes/archi-main/js/let-it-snow.min.js]
[www.designesia.com/themes/archi-main/index-snowy.html]
[www.designesia.com/themes/archi-main/js/jquery.plugin.js]
[www.designesia.com/themes/archi-main/js/jquery.countdown.js]
[www.designesia.com/themes/archi-main/js/countdown-custom.js]
[www.designesia.com/themes/archi-main/index-coming-soon.html]
[www.designesia.com/themes/archi-main/index-rtl.html]
[www.designesia.com/themes/archi-main/index-hero-slider.html]
[www.designesia.com/themes/archi-main/js/particles.js]
[www.designesia.com/themes/archi-main/js/particles-settings.js]
[www.designesia.com/themes/archi-main/index-hero-particle.html]
[www.designesia.com/themes/archi-main/index-hero-parallax.html]
[www.designesia.com/themes/archi-main/images/video-poster.jpg]
[www.designesia.com/themes/archi-main/index-hero-video.html]
[www.designesia.com/themes/archi-main/js/jquery.mb.YTPlayer.min.js]
[www.designesia.com/themes/archi-main/index-hero-youtube.html]
[www.designesia.com/themes/archi-main/index-hero-looping-image.html]
[www.designesia.com/themes/archi-main/project-wide-2-cols.html]
[www.designesia.com/themes/archi-main/project-wide-3-cols.html]
[www.designesia.com/themes/archi-main/project-contained-3-cols.html]
[www.designesia.com/themes/archi-main/project-contained-2-cols.html]
[www.designesia.com/themes/archi-main/project-contained-4-cols.html]
[www.designesia.com/themes/archi-main/project-carousel-3-cols.html]
[www.designesia.com/themes/archi-main/project-carousel-2-cols.html]
[www.designesia.com/themes/archi-main/project-carousel-4-cols.html]
[www.designesia.com/themes/archi-main/project-inverted-3-cols.html]
[www.designesia.com/themes/archi-main/project-inverted-2-cols.html]
[www.designesia.com/themes/archi-main/project-inverted-4-cols.html]
[www.designesia.com/themes/archi-main/project-masonry-4-cols.html]
[www.designesia.com/themes/archi-main/project-masonry-3-cols.html]
[www.designesia.com/themes/archi-main/gallery-2-cols.html]
[www.designesia.com/themes/archi-main/gallery-3-cols.html]
[www.designesia.com/themes/archi-main/gallery-4-cols.html]
[www.designesia.com/themes/archi-main/project-before-after.html]
[www.designesia.com/themes/archi-main/services.html]
[www.designesia.com/themes/archi-main/images/services/p1_a.jpg]
[www.designesia.com/themes/archi-main/images/services/p1_b.jpg]
[www.designesia.com/themes/archi-main/service-1.html]
[www.designesia.com/themes/archi-main/images/services/p2_a.jpg]
[www.designesia.com/themes/archi-main/images/services/p2_b.jpg]
[www.designesia.com/themes/archi-main/service-2.html]
[www.designesia.com/themes/archi-main/images/services/p3_a.jpg]
[www.designesia.com/themes/archi-main/images/services/p3_b.jpg]
[www.designesia.com/themes/archi-main/service-3.html]
[www.designesia.com/themes/archi-main/images/services/p4_a.jpg]
[www.designesia.com/themes/archi-main/images/services/p4_b.jpg]
[www.designesia.com/themes/archi-main/service-4.html]
[www.designesia.com/themes/archi-main/services-style-2.html]
[www.designesia.com/themes/archi-main/pricing-table-3-cols.html]
[www.designesia.com/themes/archi-main/pricing-table-4-cols.html]
[www.designesia.com/themes/archi-main/faq.html]
[www.designesia.com/themes/archi-main/about.html]
[www.designesia.com/themes/archi-main/about-rtl.html]
[www.designesia.com/themes/archi-main/pricing-table-3-cols-light.html]
[www.designesia.com/themes/archi-main/pricing-table-4-cols-light.html]
[www.designesia.com/themes/archi-main/faq-light.html]
[www.designesia.com/themes/archi-main/about-light.html]
[www.designesia.com/themes/archi-main/header-custom-style-1.html]
[www.designesia.com/themes/archi-main/header-custom-style-2.html]
[www.designesia.com/themes/archi-main/header-custom-style-3.html]
[www.designesia.com/themes/archi-main/header-custom-style-1-light.html]
[www.designesia.com/themes/archi-main/header-custom-style-2-light.html]
[www.designesia.com/themes/archi-main/header-custom-style-3-light.html]
[www.designesia.com/themes/archi-main/before-after.html]
[www.designesia.com/themes/archi-main/buttons.html]
[www.designesia.com/themes/archi-main/images/logo/1.png]
[www.designesia.com/themes/archi-main/images/logo/2.png]
[www.designesia.com/themes/archi-main/images/logo/3.png]
[www.designesia.com/themes/archi-main/images/logo/4.png]
[www.designesia.com/themes/archi-main/images/logo/5.png]
[www.designesia.com/themes/archi-main/images/logo/6.png]
[www.designesia.com/themes/archi-main/images/logo/7.png]
[www.designesia.com/themes/archi-main/images/logo/8.png]
[www.designesia.com/themes/archi-main/carousel.html]
[www.designesia.com/themes/archi-main/counters.html]
[www.designesia.com/themes/archi-main/experiences.html]
[www.designesia.com/themes/archi-main/form-style.html]
[www.designesia.com/themes/archi-main/icon-box.html]
[www.designesia.com/themes/archi-main/skill-bar.html]
[www.designesia.com/themes/archi-main/steps.html]
[www.designesia.com/themes/archi-main/team.html]
[www.designesia.com/themes/archi-main/blog.html]
[www.designesia.com/themes/archi-main/blog-light.html]
[www.designesia.com/themes/archi-main/blog-left-sidebar.html]
[www.designesia.com/themes/archi-main/blog-left-sidebar-light.html]
[www.designesia.com/themes/archi-main/images/avatar-light.jpg]
[www.designesia.com/themes/archi-main/blog-single-light.html]
[www.designesia.com/themes/archi-main/images/shop/1.jpg]
[www.designesia.com/themes/archi-main/images/shop/2.jpg]
[www.designesia.com/themes/archi-main/images/shop/3.jpg]
[www.designesia.com/themes/archi-main/images/shop/4.jpg]
[www.designesia.com/themes/archi-main/images/shop/5.jpg]
[www.designesia.com/themes/archi-main/images/shop/6.jpg]
[www.designesia.com/themes/archi-main/images/shop/7.jpg]
[www.designesia.com/themes/archi-main/images/shop/8.jpg]
[www.designesia.com/themes/archi-main/images/shop/9.jpg]
[www.designesia.com/themes/archi-main/images/shop/10.jpg]
[www.designesia.com/themes/archi-main/images/shop/11.jpg]
[www.designesia.com/themes/archi-main/images/shop/12.jpg]
[www.designesia.com/themes/archi-main/shop.html]
[www.designesia.com/themes/archi-main/shop-light.html]
[www.designesia.com/themes/archi-main/contact.html]
[www.designesia.com/themes/archi-main/css/font-style-2.css]
[www.designesia.com/themes/archi-main/css/twentytwenty.css]
[www.designesia.com/themes/archi-main/demo/demo.css]
[www.designesia.com/themes/archi-main/01_about-minisite.html]
[www.designesia.com/themes/archi-main/01_services-minisite.html]
[www.designesia.com/themes/archi-main/01_projects-minisite.html]
[www.designesia.com/themes/archi-main/01_contact-minisite.html]
[www.designesia.com/themes/archi-main/sidebar-service-1.html]
[www.designesia.com/themes/archi-main/sidebar-service-2.html]
[www.designesia.com/themes/archi-main/sidebar-service-3.html]
[www.designesia.com/themes/archi-main/images/misc/pic_4.jpg]
[www.designesia.com/themes/archi-main/sidebar-services.html]
[www.designesia.com/themes/archi-main/sidebar-projects.html]
[www.designesia.com/themes/archi-main/sidebar-about.html]
[www.designesia.com/themes/archi-main/sidebar-blog.html]
[www.designesia.com/themes/archi-main/sidebar-contact.html]
[www.designesia.com/themes/archi-main/sidebar-project-wide-4-cols.html]
[www.designesia.com/themes/archi-main/sidebar-service-4.html]
[www.designesia.com/themes/archi-main/sidebar-light-service-1.html]
[www.designesia.com/themes/archi-main/sidebar-light-service-2.html]
[www.designesia.com/themes/archi-main/sidebar-light-service-3.html]
[www.designesia.com/themes/archi-main/sidebar-light-services.html]
[www.designesia.com/themes/archi-main/sidebar-light-projects.html]
[www.designesia.com/themes/archi-main/sidebar-light-about.html]
[www.designesia.com/themes/archi-main/sidebar-light-blog.html]
[www.designesia.com/themes/archi-main/sidebar-light-contact.html]
[www.designesia.com/themes/archi-main/sidebar-light-project-wide-4-cols.html]
[www.designesia.com/themes/archi-main/css/let-it-snow.css]
[www.designesia.com/themes/archi-main/css/jquery.countdown.css]
[www.designesia.com/themes/archi-main/sidebar-light-service-4.html]
[www.designesia.com/themes/archi-main/css/jquery.mb.YTPlayer.min.css]
[www.designesia.com/themes/archi-main/sidebar-service-1.html]
[www.designesia.com/themes/archi-main/sidebar-service-2.html]
[www.designesia.com/themes/archi-main/sidebar-service-3.html]
[www.designesia.com/themes/archi-main/sidebar-service-4.html]
[www.designesia.com/themes/archi-main/sidebar-light-service-1.html]
[www.designesia.com/themes/archi-main/sidebar-light-service-2.html]
[www.designesia.com/themes/archi-main/sidebar-light-service-3.html]
[www.designesia.com/themes/archi-main/sidebar-light-service-4.html]
[www.designesia.com/themes/archi-main/css/font/ytp-regular.html]
